<html>
<body>
<pre>
<h1>µVision Build Log</h1>
<h2>Tool Versions:</h2>
IDE-Version: ¦ÌVision V5.22.0.0
Copyright (C) 2016 ARM Ltd and ARM Germany GmbH. All rights reserved.
License Information: guo baoqi, jok, LIC=GE756-D5Q9L-MRTXP-M9GGU-B8KHD-Q3FK1
 
Tool Versions:
Toolchain:       MDK-ARM Professional  Version: 5.22
Toolchain Path:  C:\Keil_v5\ARM\ARMCC\Bin
C Compiler:      Armcc.exe V5.06 update 4 (build 422)
Assembler:       Armasm.exe V5.06 update 4 (build 422)
Linker/Locator:  ArmLink.exe V5.06 update 4 (build 422)
Library Manager: ArmAr.exe V5.06 update 4 (build 422)
Hex Converter:   FromElf.exe V5.06 update 4 (build 422)
CPU DLL:         SARMCM3.DLL V5.22
Dialog DLL:      DARMSTM.DLL V1.67.0.0
Target DLL:      STLink\ST-LINKIII-KEIL_SWO.dll V2.0.18.0
Dialog DLL:      TCM.DLL V1.21.0.0
 
<h2>Project:</h2>
D:\work\ireead\ireead.uvprojx
Project File Date:  04/21/2017

<h2>Output:</h2>
*** Using Compiler 'V5.06 update 4 (build 422)', folder: 'C:\Keil_v5\ARM\ARMCC\Bin'
Rebuild target 'Target 1'
assembling startup_stm32f10x_hd.s...
compiling 24cxx.c...
compiling main.c...
compiling key.c...
compiling usart.c...
compiling delay.c...
compiling myiic.c...
compiling sys.c...
compiling led.c...
compiling spi.c...
compiling ctiic.c...
compiling MMC_SD.C...
compiling flash.c...
compiling ft5206.c...
compiling usart2.c...
compiling ILI93xx.c...
compiling gt9147.c...
compiling ott2001a.c...
compiling usmart.c...
compiling touch.c...
compiling mycc936.c...
compiling diskio.c...
compiling usmart_config.c...
compiling usmart_str.c...
compiling exfuns.c...
compiling fattester.c...
compiling fontupd.c...
compiling ff.c...
compiling wifiap.c...
compiling apsta.c...
compiling wifista.c...
compiling text.c...
compiling common.c...
compiling malloc.c...
linking...
Program Size: Code=16010 RO-data=1034 RW-data=332 ZI-data=5932  
FromELF: creating hex file...
".\OBJ\test.axf" - 0 Error(s), 0 Warning(s).

<h2>Collection of Component include folders:</h2>
  D:\work\ireead\RTE\_Target_1
  C:\Keil_v5\ARM\PACK\Keil\STM32F1xx_DFP\2.1.0\Device\Include

<h2>Collection of Component Files used:</h2>
Build Time Elapsed:  00:00:08
</pre>
</body>
</html>
